// Jest Snapshot v1, https://goo.gl/fbAQLP

exports[`renders correctly 1`] = `
<div
  className="image-wrapper"
>
  <img
    alt="this is an image"
    className="image"
    src="https://picsum.photos/id/600/600/600.jpg"
  />
</div>
`;

exports[`renders correctly2 1`] = `
<div>
  <h1>
    React Photo Viewer
  </h1>
  <nav
    className="menu-wrapper"
  >
    <ul
      className="menu"
    >
      <li
        className="menu-items"
      >
        Home
      </li>
      <li
        className="menu-items"
      >
        Photos
      </li>
    </ul>
  </nav>
  <button
    className="button"
    onClick={[Function]}
  >
    Menu
  </button>
  <div
    className="image-wrapper"
  >
    <img
      alt="this is an image"
      className="image"
      src="https://picsum.photos/id/600/600/600.jpg"
    />
  </div>
  <h2>
    Select your photo
  </h2>
  <div
    className="selector-image"
  >
    <img
      className="thumbnail-image-selected thumbnail-image"
      data-testid=""
      onClick={[Function]}
      src="https://picsum.photos/id/600/600/600.jpg"
    />
    <img
      className="thumbnail-image"
      data-testid="selected-element"
      onClick={[Function]}
      src="https://picsum.photos/id/602/600/600.jpg"
    />
    <img
      className="thumbnail-image"
      data-testid=""
      onClick={[Function]}
      src="https://picsum.photos/id/603/600/600.jpg"
    />
    <img
      className="thumbnail-image"
      data-testid=""
      onClick={[Function]}
      src="https://picsum.photos/id/604/600/600.jpg"
    />
    <img
      className="thumbnail-image"
      data-testid=""
      onClick={[Function]}
      src="https://picsum.photos/id/605/600/600.jpg"
    />
    <img
      className="thumbnail-image"
      data-testid=""
      onClick={[Function]}
      src="https://picsum.photos/id/606/600/600.jpg"
    />
    <img
      className="thumbnail-image"
      data-testid=""
      onClick={[Function]}
      src="https://picsum.photos/id/607/600/600.jpg"
    />
    <img
      className="thumbnail-image"
      data-testid=""
      onClick={[Function]}
      src="https://picsum.photos/id/608/600/600.jpg"
    />
    <img
      className="thumbnail-image"
      data-testid=""
      onClick={[Function]}
      src="https://picsum.photos/id/609/600/600.jpg"
    />
    <img
      className="thumbnail-image"
      data-testid=""
      onClick={[Function]}
      src="https://picsum.photos/id/610/600/600.jpg"
    />
    <img
      className="thumbnail-image"
      data-testid=""
      onClick={[Function]}
      src="https://picsum.photos/id/611/600/600.jpg"
    />
    <img
      className="thumbnail-image"
      data-testid=""
      onClick={[Function]}
      src="https://picsum.photos/id/612/600/600.jpg"
    />
    <img
      className="thumbnail-image"
      data-testid=""
      onClick={[Function]}
      src="https://picsum.photos/id/613/600/600.jpg"
    />
    <img
      className="thumbnail-image"
      data-testid=""
      onClick={[Function]}
      src="https://picsum.photos/id/614/600/600.jpg"
    />
    <img
      className="thumbnail-image"
      data-testid=""
      onClick={[Function]}
      src="https://picsum.photos/id/615/600/600.jpg"
    />
    <img
      className="thumbnail-image"
      data-testid=""
      onClick={[Function]}
      src="https://picsum.photos/id/616/600/600.jpg"
    />
    <img
      className="thumbnail-image"
      data-testid=""
      onClick={[Function]}
      src="https://picsum.photos/id/617/600/600.jpg"
    />
    <img
      className="thumbnail-image"
      data-testid=""
      onClick={[Function]}
      src="https://picsum.photos/id/618/600/600.jpg"
    />
    <img
      className="thumbnail-image"
      data-testid=""
      onClick={[Function]}
      src="https://picsum.photos/id/619/600/600.jpg"
    />
    <img
      className="thumbnail-image"
      data-testid=""
      onClick={[Function]}
      src="https://picsum.photos/id/620/600/600.jpg"
    />
    <img
      className="thumbnail-image"
      data-testid=""
      onClick={[Function]}
      src="https://picsum.photos/id/621/600/600.jpg"
    />
    <img
      className="thumbnail-image"
      data-testid=""
      onClick={[Function]}
      src="https://picsum.photos/id/622/600/600.jpg"
    />
    <img
      className="thumbnail-image"
      data-testid=""
      onClick={[Function]}
      src="https://picsum.photos/id/623/600/600.jpg"
    />
    <img
      className="thumbnail-image"
      data-testid=""
      onClick={[Function]}
      src="https://picsum.photos/id/625/600/600.jpg"
    />
    <img
      className="thumbnail-image"
      data-testid=""
      onClick={[Function]}
      src="https://picsum.photos/id/626/600/600.jpg"
    />
    <img
      className="thumbnail-image"
      data-testid=""
      onClick={[Function]}
      src="https://picsum.photos/id/627/600/600.jpg"
    />
    <img
      className="thumbnail-image"
      data-testid=""
      onClick={[Function]}
      src="https://picsum.photos/id/628/600/600.jpg"
    />
    <img
      className="thumbnail-image"
      data-testid=""
      onClick={[Function]}
      src="https://picsum.photos/id/629/600/600.jpg"
    />
    <img
      className="thumbnail-image"
      data-testid=""
      onClick={[Function]}
      src="https://picsum.photos/id/630/600/600.jpg"
    />
    <img
      className="thumbnail-image"
      data-testid=""
      onClick={[Function]}
      src="https://picsum.photos/id/631/600/600.jpg"
    />
    <img
      className="thumbnail-image"
      data-testid=""
      onClick={[Function]}
      src="https://picsum.photos/id/633/600/600.jpg"
    />
    <img
      className="thumbnail-image"
      data-testid=""
      onClick={[Function]}
      src="https://picsum.photos/id/634/600/600.jpg"
    />
    <img
      className="thumbnail-image"
      data-testid=""
      onClick={[Function]}
      src="https://picsum.photos/id/635/600/600.jpg"
    />
    <img
      className="thumbnail-image"
      data-testid=""
      onClick={[Function]}
      src="https://picsum.photos/id/637/600/600.jpg"
    />
    <img
      className="thumbnail-image"
      data-testid=""
      onClick={[Function]}
      src="https://picsum.photos/id/638/600/600.jpg"
    />
    <img
      className="thumbnail-image"
      data-testid=""
      onClick={[Function]}
      src="https://picsum.photos/id/639/600/600.jpg"
    />
    <img
      className="thumbnail-image"
      data-testid=""
      onClick={[Function]}
      src="https://picsum.photos/id/640/600/600.jpg"
    />
    <img
      className="thumbnail-image"
      data-testid=""
      onClick={[Function]}
      src="https://picsum.photos/id/641/600/600.jpg"
    />
    <img
      className="thumbnail-image"
      data-testid=""
      onClick={[Function]}
      src="https://picsum.photos/id/642/600/600.jpg"
    />
    <img
      className="thumbnail-image"
      data-testid=""
      onClick={[Function]}
      src="https://picsum.photos/id/643/600/600.jpg"
    />
    <img
      className="thumbnail-image"
      data-testid=""
      onClick={[Function]}
      src="https://picsum.photos/id/645/600/600.jpg"
    />
    <img
      className="thumbnail-image"
      data-testid=""
      onClick={[Function]}
      src="https://picsum.photos/id/646/600/600.jpg"
    />
    <img
      className="thumbnail-image"
      data-testid=""
      onClick={[Function]}
      src="https://picsum.photos/id/648/600/600.jpg"
    />
    <img
      className="thumbnail-image"
      data-testid=""
      onClick={[Function]}
      src="https://picsum.photos/id/649/600/600.jpg"
    />
  </div>
</div>
`;
